// Jest Snapshot v1, https://goo.gl/fbAQLP

exports[`Combobox Render should render 1`] = `
<DocumentFragment>
  .emotion-27 {
  box-sizing: border-box;
  position: relative;
}

.emotion-2 {
  box-sizing: border-box;
  border-bottom-width: borderWidth0;
  display: block;
  margin-bottom: space20;
  padding-left: space0;
  padding-right: space0;
  text-transform: none;
}

.emotion-1 {
  box-sizing: border-box;
  -webkit-box-pack: start;
  -webkit-justify-content: flex-start;
  -ms-flex-pack: start;
  justify-content: flex-start;
  -webkit-align-items: center;
  -webkit-box-align: center;
  -ms-flex-align: center;
  align-items: center;
  display: -webkit-box;
  display: -webkit-flex;
  display: -ms-flexbox;
  display: flex;
  min-width: size0;
}

.emotion-0 {
  margin: 0;
  padding: 0;
  font-size: fontSize30;
  font-weight: fontWeightSemibold;
  line-height: lineHeight30;
  color: colorText;
  cursor: pointer;
}

.emotion-7 {
  box-sizing: border-box;
  display: -webkit-box;
  display: -webkit-flex;
  display: -ms-flexbox;
  display: flex;
  width: 100%;
  background-color: colorBackgroundBody;
  box-shadow: shadowBorder;
  border-radius: borderRadius20;
  -webkit-transition: box-shadow 100ms ease-in;
  transition: box-shadow 100ms ease-in;
  cursor: text;
}

.emotion-7:hover {
  box-shadow: shadowBorderPrimaryDark;
}

.emotion-7:focus-within {
  box-shadow: shadowFocus;
}

.emotion-7:active,
.emotion-7[data-active=true] {
  box-shadow: shadowBorderPrimaryDarker;
}

.emotion-6 {
  box-sizing: border-box;
  display: -webkit-box;
  display: -webkit-flex;
  display: -ms-flexbox;
  display: flex;
  position: relative;
  width: 100%;
}

.emotion-3 {
  -webkit-appearance: none;
  -moz-appearance: none;
  appearance: none;
  background: transparent;
  border: none;
  border-radius: borderRadius20;
  box-shadow: none;
  color: inherit;
  display: block;
  font-family: inherit;
  font-size: fontSize30;
  font-weight: fontWeightNormal;
  line-height: lineHeight20;
  outline: none;
  padding-bottom: space30;
  padding-left: space40;
  padding-right: space40;
  padding-top: space30;
  resize: none;
  width: 100%;
  padding-right: space100;
}

.emotion-3::-webkit-input-placeholder {
  color: colorTextWeak;
  font-style: italic;
}

.emotion-3::-moz-placeholder {
  color: colorTextWeak;
  font-style: italic;
}

.emotion-3:-ms-input-placeholder {
  color: colorTextWeak;
  font-style: italic;
}

.emotion-3::placeholder {
  color: colorTextWeak;
  font-style: italic;
}

.emotion-3:focus::-webkit-input-placeholder {
  color: colorTextWeak;
}

.emotion-3:focus::-moz-placeholder {
  color: colorTextWeak;
}

.emotion-3:focus:-ms-input-placeholder {
  color: colorTextWeak;
}

.emotion-3:focus::placeholder {
  color: colorTextWeak;
}

.emotion-3:disabled {
  color: colorTextWeaker;
  cursor: not-allowed;
}

.emotion-5 {
  box-sizing: border-box;
  -webkit-align-items: center;
  -webkit-box-align: center;
  -ms-flex-align: center;
  align-items: center;
  display: -webkit-inline-box;
  display: -webkit-inline-flex;
  display: -ms-inline-flexbox;
  display: inline-flex;
  position: absolute;
  pointer-events: none;
  right: space30;
  top: 50%;
  -webkit-transform: translateY(-50%);
  -ms-transform: translateY(-50%);
  transform: translateY(-50%);
  z-index: zIndex10;
}

.emotion-4 {
  box-sizing: border-box;
  line-height: lineHeight0;
  display: block;
  color: colorTextIcon;
  width: sizeIcon30;
  height: sizeIcon30;
}

.emotion-24 {
  box-sizing: border-box;
  background-color: colorBackgroundBody;
  border-radius: borderRadius20;
  border-color: colorBorderLight;
  border-width: borderWidth10;
  border-style: solid;
  box-shadow: shadow;
  list-style-type: none;
  margin: space0;
  max-height: size50;
  overflow-y: auto;
  padding: space0;
  padding-top: space30;
  padding-bottom: space30;
  position: absolute;
  width: 100%;
  z-index: zIndex20;
  margin-top: space20;
}

.emotion-9 {
  box-sizing: border-box;
  background-color: colorBackgroundBody;
  padding: space30;
  cursor: pointer;
  padding-left: space70;
  padding-right: space70;
}

.emotion-8 {
  margin: 0;
  padding: 0;
  color: colorText;
  font-size: fontSize30;
  line-height: lineHeight30;
}

.emotion-26 {
  box-sizing: border-box;
  -webkit-box-pack: start;
  -webkit-justify-content: flex-start;
  -ms-flex-pack: start;
  justify-content: flex-start;
  -webkit-align-items: center;
  -webkit-box-align: center;
  -ms-flex-align: center;
  align-items: center;
  display: -webkit-box;
  display: -webkit-flex;
  display: -ms-flexbox;
  display: flex;
  margin-top: space30;
  min-width: size0;
}

.emotion-25 {
  margin: 0;
  padding: 0;
  color: colorTextWeak;
  font-size: fontSize30;
  line-height: lineHeight30;
}

<div
    class="emotion-27"
  >
    <label
      class="emotion-2"
      display="block"
      for="downshift-0-input"
      id="downshift-1-label"
    >
      <span
        class="emotion-1"
        display="flex"
      >
        <span
          class="emotion-0"
          color="colorText"
          cursor="pointer"
          font-size="fontSize30"
          font-weight="fontWeightSemibold"
        >
          Choose a component:
        </span>
      </span>
    </label>
    <div
      class="emotion-7"
      cursor="text"
      display="flex"
      width="100%"
    >
      <div
        aria-expanded="true"
        aria-haspopup="listbox"
        aria-owns="downshift-1-menu"
        class="emotion-6"
        display="flex"
        role="combobox"
        width="100%"
      >
        <input
          aria-autocomplete="list"
          aria-controls="downshift-1-menu"
          aria-describedby="1"
          aria-labelledby="downshift-1-label"
          autocomplete="off"
          class="emotion-3"
          id="downshift-0-input"
          tabindex="0"
          type="text"
          value=""
        />
        <div
          class="emotion-5"
          display="inline-flex"
          pointer-events="none"
          transform="translateY(-50%)"
        >
          <span
            class="emotion-4"
            color="colorTextIcon"
            display="block"
          >
            <svg
              aria-hidden="true"
              aria-labelledby="ChevronDownIcon-2"
              height="100%"
              role="img"
              viewBox="0 0 20 20"
              width="100%"
            >
              <path
                d="M6.293 8.293a1 1 0 011.32-.083l.094.083L10 10.585l2.293-2.292a1 1 0 011.32-.083l.094.083a1 1 0 01.083 1.32l-.083.094-3 3a1 1 0 01-1.32.083l-.094-.083-3-3a1 1 0 010-1.414z"
                fill="currentColor"
                fill-rule="evenodd"
              />
            </svg>
          </span>
        </div>
      </div>
    </div>
    <ul
      aria-labelledby="downshift-1-label"
      class="emotion-24"
      id="downshift-1-menu"
      role="listbox"
      width="100%"
    >
      <li
        aria-selected="false"
        class="emotion-9"
        cursor="pointer"
        id="downshift-1-item-0"
        role="option"
      >
        <span
          class="emotion-8"
          color="colorText"
          font-size="fontSize30"
        >
          Alert
        </span>
      </li>
      <li
        aria-selected="false"
        class="emotion-9"
        cursor="pointer"
        id="downshift-1-item-1"
        role="option"
      >
        <span
          class="emotion-8"
          color="colorText"
          font-size="fontSize30"
        >
          Anchor
        </span>
      </li>
      <li
        aria-selected="false"
        class="emotion-9"
        cursor="pointer"
        id="downshift-1-item-2"
        role="option"
      >
        <span
          class="emotion-8"
          color="colorText"
          font-size="fontSize30"
        >
          Button
        </span>
      </li>
      <li
        aria-selected="false"
        class="emotion-9"
        cursor="pointer"
        id="downshift-1-item-3"
        role="option"
      >
        <span
          class="emotion-8"
          color="colorText"
          font-size="fontSize30"
        >
          Card
        </span>
      </li>
      <li
        aria-selected="false"
        class="emotion-9"
        cursor="pointer"
        id="downshift-1-item-4"
        role="option"
      >
        <span
          class="emotion-8"
          color="colorText"
          font-size="fontSize30"
        >
          Heading
        </span>
      </li>
      <li
        aria-selected="false"
        class="emotion-9"
        cursor="pointer"
        id="downshift-1-item-5"
        role="option"
      >
        <span
          class="emotion-8"
          color="colorText"
          font-size="fontSize30"
        >
          List
        </span>
      </li>
      <li
        aria-selected="false"
        class="emotion-9"
        cursor="pointer"
        id="downshift-1-item-6"
        role="option"
      >
        <span
          class="emotion-8"
          color="colorText"
          font-size="fontSize30"
        >
          Modal
        </span>
      </li>
      <li
        aria-selected="false"
        class="emotion-9"
        cursor="pointer"
        id="downshift-1-item-7"
        role="option"
      >
        <span
          class="emotion-8"
          color="colorText"
          font-size="fontSize30"
        >
          Paragraph
        </span>
      </li>
    </ul>
    <div
      class="emotion-26"
      display="flex"
    >
      <div
        class="emotion-25"
        color="colorTextWeak"
        font-size="fontSize30"
        id="1"
      >
        This is the help text
      </div>
    </div>
  </div>
</DocumentFragment>
`;
