// Jest Snapshot v1, https://goo.gl/fbAQLP

exports[`Backgrounds it should render responsive values 1`] = `
.emotion-2 {
  font-family: 'Whitney SSm A','Whitney SSm B','Helvetica Neue',Helvetica,Arial,sans-serif;
  font-size: 0.875rem;
  line-height: 1.5rem;
  color: #282a2b;
  font-weight: 400;
}

.emotion-2 *,
.emotion-2 *::after,
.emotion-2 *::before {
  box-sizing: border-box;
}

.emotion-0 {
  box-sizing: border-box;
  min-width: 0;
  background-color: #b3d3e9;
}

@media screen and (min-width:25rem) {
  .emotion-0 {
    background-color: #027ac5;
  }
}

<div
  className="emotion-2"
>
  <div
    className="emotion-0 emotion-1"
  >
    background responsive
  </div>
</div>
`;

exports[`Backgrounds it should render single values 1`] = `
.emotion-2 {
  font-family: 'Whitney SSm A','Whitney SSm B','Helvetica Neue',Helvetica,Arial,sans-serif;
  font-size: 0.875rem;
  line-height: 1.5rem;
  color: #282a2b;
  font-weight: 400;
}

.emotion-2 *,
.emotion-2 *::after,
.emotion-2 *::before {
  box-sizing: border-box;
}

.emotion-0 {
  box-sizing: border-box;
  min-width: 0;
  background-color: #027ac5;
}

<div
  className="emotion-2"
>
  <div
    className="emotion-0 emotion-1"
  >
    background single
  </div>
</div>
`;

exports[`Borders it should render responsive values 1`] = `
.emotion-2 {
  font-family: 'Whitney SSm A','Whitney SSm B','Helvetica Neue',Helvetica,Arial,sans-serif;
  font-size: 0.875rem;
  line-height: 1.5rem;
  color: #282a2b;
  font-weight: 400;
}

.emotion-2 *,
.emotion-2 *::after,
.emotion-2 *::before {
  box-sizing: border-box;
}

.emotion-0 {
  box-sizing: border-box;
  min-width: 0;
  border-style: dashed;
  border-color: #003e82;
  border-width: 1px;
  border-radius: 0;
}

@media screen and (min-width:25rem) {
  .emotion-0 {
    border-style: dotted;
    border-color: #b3d3e9;
    border-width: 2px;
    border-radius: 3px;
  }
}

@media screen and (min-width:64rem) {
  .emotion-0 {
    border-style: solid;
  }
}

<div
  className="emotion-2"
>
  <div
    className="emotion-0 emotion-1"
  >
    border responsive
  </div>
</div>
`;

exports[`Borders it should render single values 1`] = `
.emotion-2 {
  font-family: 'Whitney SSm A','Whitney SSm B','Helvetica Neue',Helvetica,Arial,sans-serif;
  font-size: 0.875rem;
  line-height: 1.5rem;
  color: #282a2b;
  font-weight: 400;
}

.emotion-2 *,
.emotion-2 *::after,
.emotion-2 *::before {
  box-sizing: border-box;
}

.emotion-0 {
  box-sizing: border-box;
  min-width: 0;
  border-style: solid;
  border-color: #003e82;
  border-width: 1px;
  border-radius: 4px;
}

<div
  className="emotion-2"
>
  <div
    className="emotion-0 emotion-1"
  >
    border single
  </div>
</div>
`;

exports[`Shadows it should render responsive values 1`] = `
.emotion-2 {
  font-family: 'Whitney SSm A','Whitney SSm B','Helvetica Neue',Helvetica,Arial,sans-serif;
  font-size: 0.875rem;
  line-height: 1.5rem;
  color: #282a2b;
  font-weight: 400;
}

.emotion-2 *,
.emotion-2 *::after,
.emotion-2 *::before {
  box-sizing: border-box;
}

.emotion-0 {
  box-sizing: border-box;
  min-width: 0;
  box-shadow: 0 2px 4px 0 rgba(40,42,43,0.3);
}

@media screen and (min-width:25rem) {
  .emotion-0 {
    box-shadow: 0 0 0 4px rgba(2,122,197,0.8);
  }
}

<div
  className="emotion-2"
>
  <div
    className="emotion-0 emotion-1"
  >
    shadow responsive
  </div>
</div>
`;

exports[`Shadows it should render single values 1`] = `
.emotion-2 {
  font-family: 'Whitney SSm A','Whitney SSm B','Helvetica Neue',Helvetica,Arial,sans-serif;
  font-size: 0.875rem;
  line-height: 1.5rem;
  color: #282a2b;
  font-weight: 400;
}

.emotion-2 *,
.emotion-2 *::after,
.emotion-2 *::before {
  box-sizing: border-box;
}

.emotion-0 {
  box-sizing: border-box;
  min-width: 0;
  box-shadow: 0 2px 4px 0 rgba(40,42,43,0.3);
}

<div
  className="emotion-2"
>
  <div
    className="emotion-0 emotion-1"
  >
    shadow single
  </div>
</div>
`;

exports[`Sizes it should render responsive values 1`] = `
.emotion-2 {
  font-family: 'Whitney SSm A','Whitney SSm B','Helvetica Neue',Helvetica,Arial,sans-serif;
  font-size: 0.875rem;
  line-height: 1.5rem;
  color: #282a2b;
  font-weight: 400;
}

.emotion-2 *,
.emotion-2 *::after,
.emotion-2 *::before {
  box-sizing: border-box;
}

.emotion-0 {
  box-sizing: border-box;
  min-width: 0;
  width: 5.5rem;
  min-width: 0;
  max-width: 12rem;
  height: 5.5rem;
  min-height: 0;
  max-height: 12rem;
}

@media screen and (min-width:25rem) {
  .emotion-0 {
    width: 12rem;
    min-width: 5.5rem;
    max-width: 18.5rem;
    height: 12rem;
    min-height: 5.5rem;
    max-height: 18.5rem;
  }
}

<div
  className="emotion-2"
>
  <div
    className="emotion-0 emotion-1"
    height={
      Array [
        "size10",
        "size20",
      ]
    }
    width={
      Array [
        "size10",
        "size20",
      ]
    }
  >
    size responsive
  </div>
</div>
`;

exports[`Sizes it should render single values 1`] = `
.emotion-2 {
  font-family: 'Whitney SSm A','Whitney SSm B','Helvetica Neue',Helvetica,Arial,sans-serif;
  font-size: 0.875rem;
  line-height: 1.5rem;
  color: #282a2b;
  font-weight: 400;
}

.emotion-2 *,
.emotion-2 *::after,
.emotion-2 *::before {
  box-sizing: border-box;
}

.emotion-0 {
  box-sizing: border-box;
  min-width: 0;
  width: 5.5rem;
  min-width: 0;
  max-width: 12rem;
  height: 5.5rem;
  min-height: 0;
  max-height: 12rem;
}

<div
  className="emotion-2"
>
  <div
    className="emotion-0 emotion-1"
    height="size10"
    width="size10"
  >
    size single
  </div>
</div>
`;

exports[`Spaces (A) it should render responsive values 1`] = `
.emotion-2 {
  font-family: 'Whitney SSm A','Whitney SSm B','Helvetica Neue',Helvetica,Arial,sans-serif;
  font-size: 0.875rem;
  line-height: 1.5rem;
  color: #282a2b;
  font-weight: 400;
}

.emotion-2 *,
.emotion-2 *::after,
.emotion-2 *::before {
  box-sizing: border-box;
}

.emotion-0 {
  box-sizing: border-box;
  min-width: 0;
  margin: 0.25rem;
}

@media screen and (min-width:25rem) {
  .emotion-0 {
    margin: 0.5rem;
  }
}

<div
  className="emotion-2"
>
  <div
    className="emotion-0 emotion-1"
  >
    space responsive 1
  </div>
</div>
`;

exports[`Spaces (A) it should render single values 1`] = `
.emotion-2 {
  font-family: 'Whitney SSm A','Whitney SSm B','Helvetica Neue',Helvetica,Arial,sans-serif;
  font-size: 0.875rem;
  line-height: 1.5rem;
  color: #282a2b;
  font-weight: 400;
}

.emotion-2 *,
.emotion-2 *::after,
.emotion-2 *::before {
  box-sizing: border-box;
}

.emotion-0 {
  box-sizing: border-box;
  min-width: 0;
  margin: 0.25rem;
}

<div
  className="emotion-2"
>
  <div
    className="emotion-0 emotion-1"
  >
    space single 1
  </div>
</div>
`;

exports[`Spaces (B) it should render single values 1`] = `
.emotion-2 {
  font-family: 'Whitney SSm A','Whitney SSm B','Helvetica Neue',Helvetica,Arial,sans-serif;
  font-size: 0.875rem;
  line-height: 1.5rem;
  color: #282a2b;
  font-weight: 400;
}

.emotion-2 *,
.emotion-2 *::after,
.emotion-2 *::before {
  box-sizing: border-box;
}

.emotion-0 {
  box-sizing: border-box;
  min-width: 0;
  margin-top: 0.25rem;
  margin-right: 0.25rem;
  margin-bottom: 0.5rem;
  margin-left: 0.5rem;
}

<div
  className="emotion-2"
>
  <div
    className="emotion-0 emotion-1"
  >
    space single 2
  </div>
</div>
`;

exports[`Spaces (B)it should render responsive values 1`] = `
.emotion-2 {
  font-family: 'Whitney SSm A','Whitney SSm B','Helvetica Neue',Helvetica,Arial,sans-serif;
  font-size: 0.875rem;
  line-height: 1.5rem;
  color: #282a2b;
  font-weight: 400;
}

.emotion-2 *,
.emotion-2 *::after,
.emotion-2 *::before {
  box-sizing: border-box;
}

.emotion-0 {
  box-sizing: border-box;
  min-width: 0;
  margin-top: 0.25rem;
  margin-right: 0.25rem;
  margin-bottom: 0.5rem;
  margin-left: 0.5rem;
}

@media screen and (min-width:25rem) {
  .emotion-0 {
    margin-top: 0.5rem;
    margin-right: 0.5rem;
    margin-bottom: 0.75rem;
    margin-left: 0.75rem;
  }
}

<div
  className="emotion-2"
>
  <div
    className="emotion-0 emotion-1"
  >
    space responsive 2
  </div>
</div>
`;

exports[`ZIndex Pseudo-class props it should generate pseudo-class CSS 1`] = `
.emotion-2 {
  font-family: 'Whitney SSm A','Whitney SSm B','Helvetica Neue',Helvetica,Arial,sans-serif;
  font-size: 0.875rem;
  line-height: 1.5rem;
  color: #282a2b;
  font-weight: 400;
}

.emotion-2 *,
.emotion-2 *::after,
.emotion-2 *::before {
  box-sizing: border-box;
}

.emotion-0 {
  box-sizing: border-box;
  min-width: 0;
}

.emotion-0:hover {
  padding: 0.125rem;
}

.emotion-0:active,
.emotion-0[data-active=true] {
  padding: 0.125rem;
}

.emotion-0:focus {
  padding: 0.125rem;
}

.emotion-0:visited {
  padding: 0.125rem;
}

.emotion-0:nth-of-type(even) {
  padding: 0.125rem;
}

.emotion-0:nth-of-type(odd) {
  padding: 0.125rem;
}

.emotion-0:disabled,
.emotion-0:disabled:focus,
.emotion-0:disabled:hover,
.emotion-0[aria-disabled=true],
.emotion-0[aria-disabled=true]:focus,
.emotion-0[aria-disabled=true]:hover {
  padding: 0.125rem;
}

.emotion-0[aria-checked=true] {
  padding: 0.125rem;
}

.emotion-0[aria-checked=mixed] {
  padding: 0.125rem;
}

.emotion-0[aria-selected=true] {
  padding: 0.125rem;
}

.emotion-0[aria-invalid=true] {
  padding: 0.125rem;
}

.emotion-0[aria-pressed=true] {
  padding: 0.125rem;
}

.emotion-0[aria-readonly=true],
.emotion-0[readonly] {
  padding: 0.125rem;
}

.emotion-0:first-of-type {
  padding: 0.125rem;
}

.emotion-0:last-of-type {
  padding: 0.125rem;
}

.emotion-0[aria-expanded=true] {
  padding: 0.125rem;
}

.emotion-0[aria-grabbed=true] {
  padding: 0.125rem;
}

.emotion-0:not(:first-of-type) {
  padding: 0.125rem;
}

.emotion-0:not(:last-of-type) {
  padding: 0.125rem;
}

[role=group]:hover .emotion-0 {
  padding: 0.125rem;
}

.emotion-0:before {
  padding: 0.125rem;
}

.emotion-0:after {
  padding: 0.125rem;
}

.emotion-0:focus-within {
  padding: 0.125rem;
}

.emotion-0::-webkit-input-placeholder {
  padding: 0.125rem;
}

.emotion-0::-moz-placeholder {
  padding: 0.125rem;
}

.emotion-0:-ms-input-placeholder {
  padding: 0.125rem;
}

.emotion-0::placeholder {
  padding: 0.125rem;
}

<div
  className="emotion-2"
>
  <div
    className="emotion-0 emotion-1"
  >
    PseudoBox
  </div>
</div>
`;

exports[`ZIndex it should render responsive values 1`] = `
.emotion-2 {
  font-family: 'Whitney SSm A','Whitney SSm B','Helvetica Neue',Helvetica,Arial,sans-serif;
  font-size: 0.875rem;
  line-height: 1.5rem;
  color: #282a2b;
  font-weight: 400;
}

.emotion-2 *,
.emotion-2 *::after,
.emotion-2 *::before {
  box-sizing: border-box;
}

.emotion-0 {
  box-sizing: border-box;
  min-width: 0;
  z-index: 10;
}

@media screen and (min-width:25rem) {
  .emotion-0 {
    z-index: 20;
  }
}

<div
  className="emotion-2"
>
  <div
    className="emotion-0 emotion-1"
  >
    z-index responsive
  </div>
</div>
`;

exports[`ZIndex it should render single values 1`] = `
.emotion-2 {
  font-family: 'Whitney SSm A','Whitney SSm B','Helvetica Neue',Helvetica,Arial,sans-serif;
  font-size: 0.875rem;
  line-height: 1.5rem;
  color: #282a2b;
  font-weight: 400;
}

.emotion-2 *,
.emotion-2 *::after,
.emotion-2 *::before {
  box-sizing: border-box;
}

.emotion-0 {
  box-sizing: border-box;
  min-width: 0;
  z-index: 10;
}

<div
  className="emotion-2"
>
  <div
    className="emotion-0 emotion-1"
  >
    z-index single
  </div>
</div>
`;
