// Jest Snapshot v1, https://goo.gl/fbAQLP

exports[`icons util functions tools/actions/listIconsAction util gets all the icon names of non blocked icons 1`] = `
Array [
  "AcceptIcon",
  "AddListIcon",
  "AddSeriesIcon",
  "AgentIcon",
  "AlignLeftIcon",
  "AlignRightIcon",
  "AlignVerticalCenterIcon",
  "ArchiveIcon",
  "ArrowBackIcon",
  "ArrowDownIcon",
  "ArrowForwardIcon",
  "ArrowUpIcon",
  "ArtificialIntelligenceIcon",
  "AttachIcon",
  "AttachmentIcon",
  "AutomaticUpdatesIcon",
  "AvailableIcon",
  "BoldIcon",
  "BuildIcon",
  "BuiltInIcon",
  "BusinessIcon",
  "ButtonIcon",
  "CalendarIcon",
  "CallActiveIcon",
  "CallAddIcon",
  "CallFailedIcon",
  "CallHoldIcon",
  "CallIcon",
  "CallIncomingIcon",
  "CallOutgoingIcon",
  "CallTransferIcon",
  "CartIcon",
  "ChatIcon",
  "CheckboxCheckIcon",
  "CheckboxLineIcon",
  "CheckmarkCircleIcon",
  "ChevronDisclosureCollapsedIcon",
  "ChevronDisclosureExpandedIcon",
  "ChevronDisclosureIcon",
  "ChevronDoubleLeftIcon",
  "ChevronDoubleRightIcon",
  "ChevronDownIcon",
  "ChevronExpandIcon",
  "ChevronLeftIcon",
  "ChevronRightIcon",
  "ChevronUpIcon",
  "ClearIcon",
  "CloseCircleIcon",
  "CloseIcon",
  "CloudIcon",
  "CodeIcon",
  "CollapseIcon",
  "ColorPickerIcon",
  "ColumnIcon",
  "CommunityIcon",
  "ConnectivityAvailableIcon",
  "ConnectivityBusyIcon",
  "ConnectivityNeutralIcon",
  "ConnectivityOfflineIcon",
  "ConnectivityUnavailableIcon",
  "CopyIcon",
  "CreditCardIcon",
  "CustomIcon",
  "CustomerCareIcon",
  "DarkModeIcon",
  "DataArrayIcon",
  "DataBarChartIcon",
  "DataBooleanIcon",
  "DataLineChartIcon",
  "DataNumberIcon",
  "DataObjectIcon",
  "DataPieChartIcon",
  "DataStringIcon",
  "DataTableIcon",
  "DatabaseIcon",
  "DeleteIcon",
  "DeliveredIcon",
  "DialpadIcon",
  "DirectoryIcon",
  "DisableIcon",
  "DividerIcon",
  "DoNotIcon",
  "DocumentationIcon",
  "DownloadIcon",
  "DragHorizontalIcon",
  "DragIcon",
  "DragVerticalIcon",
  "EditIcon",
  "ElasticSIPTrunkingCapableIcon",
  "EmailIcon",
  "EmojiIcon",
  "ErrorIcon",
  "ExpandIcon",
  "ExportIcon",
  "FaxCapableIcon",
  "FeedIcon",
  "FileAudioIcon",
  "FileIcon",
  "FileImageIcon",
  "FileVideoIcon",
  "FileZipIcon",
  "FilterIcon",
  "FlagIcon",
  "FolderIcon",
  "GitIcon",
  "HeatmapIcon",
  "HideIcon",
  "HistoryIcon",
  "ImageTextIcon",
  "InboxIcon",
  "IndentDecreaseIcon",
  "IndentIncreaseIcon",
  "InformationIcon",
  "ItalicIcon",
  "LightModeIcon",
  "LinkExternalIcon",
  "LinkIcon",
  "LoadingIcon",
  "LockIcon",
  "LogInIcon",
  "LogOutIcon",
  "LogoPasteIcon",
  "LogoTwilioIcon",
  "LowerHandIcon",
  "MMSCapableIcon",
  "MenuIcon",
  "MicrophoneOffIcon",
  "MicrophoneOnIcon",
  "MinusIcon",
  "MobileIcon",
  "MoreIcon",
  "NeutralIcon",
  "NewIcon",
  "NotesIcon",
  "NotificationIcon",
  "OrderedListIcon",
  "OutOfDateIcon",
  "PauseIcon",
  "PaymentIcon",
  "PinIcon",
  "PlayIcon",
  "PlusIcon",
  "ProcessDisabledIcon",
  "ProcessDraftIcon",
  "ProcessErrorIcon",
  "ProcessInProgressIcon",
  "ProcessNeutralIcon",
  "ProcessSuccessIcon",
  "ProcessWarningIcon",
  "ProductAIAssistantsIcon",
  "ProductAPIExplorerIcon",
  "ProductAccountDashboardIcon",
  "ProductAddOnsIcon",
  "ProductAdminAccessControlIcon",
  "ProductAdminAccountsIcon",
  "ProductAdminDomainsIcon",
  "ProductAdminResoldCustomersIcon",
  "ProductAdminSSOIcon",
  "ProductAdminUsersIcon",
  "ProductAlarmsIcon",
  "ProductAssetsIcon",
  "ProductAudiencesIcon",
  "ProductAuthyIcon",
  "ProductAutopilotIcon",
  "ProductBillingIcon",
  "ProductCLIIcon",
  "ProductChannelsIcon",
  "ProductChatIcon",
  "ProductCodeExchangeCommunityIcon",
  "ProductCodeExchangePartnerIcon",
  "ProductCommsIcon",
  "ProductConnectedDevicesIcon",
  "ProductConnectionsIcon",
  "ProductContactCenterAdminIcon",
  "ProductContactCenterAssessmentsIcon",
  "ProductContactCenterQueuesIcon",
  "ProductContactCenterTasksIcon",
  "ProductContactCenterTeamsIcon",
  "ProductConversationalInsightsIcon",
  "ProductConversationsIcon",
  "ProductDebuggerIcon",
  "ProductDestinationsIcon",
  "ProductElasticSIPTrunkingIcon",
  "ProductEmailAPIIcon",
  "ProductEngageIcon",
  "ProductEngagementIntelligencePlatformIcon",
  "ProductEventLibraryIcon",
  "ProductEventStreamIcon",
  "ProductEventStreamsIcon",
  "ProductFaxIcon",
  "ProductFlexIcon",
  "ProductFlowIcon",
  "ProductFrontlineIcon",
  "ProductFunctionsIcon",
  "ProductHomeIcon",
  "ProductInsightsIcon",
  "ProductInterconnectIcon",
  "ProductInternetOfThingsEmbeddedSIMIcon",
  "ProductInternetOfThingsIcon",
  "ProductInternetOfThingsNarrowbandIcon",
  "ProductInternetOfThingsProgrammableAssetTrackerIcon",
  "ProductInternetOfThingsSuperSIMIcon",
  "ProductInternetOfThingsTrustOnboardIcon",
  "ProductInternetOfThingsWirelessIcon",
  "ProductJourneysIcon",
  "ProductKeysIcon",
  "ProductLiveIcon",
  "ProductLogsIcon",
  "ProductLookupIcon",
  "ProductMappingIcon",
  "ProductMarketingCampaignsIcon",
  "ProductMessagingIcon",
  "ProductMicrovisorIcon",
  "ProductNotifyIcon",
  "ProductOneAdminIcon",
  "ProductPayConnectorIcon",
  "ProductPersonasIcon",
  "ProductPhoneNumbersIcon",
  "ProductPrivacyIcon",
  "ProductProtocolsIcon",
  "ProductProxyIcon",
  "ProductRegionalIcon",
  "ProductReverseETLIcon",
  "ProductSDKIcon",
  "ProductSegmentIcon",
  "ProductSendGridIcon",
  "ProductSettingsIcon",
  "ProductSourceSchemaIcon",
  "ProductSourcesIcon",
  "ProductStudioIcon",
  "ProductSupportIcon",
  "ProductSwitcherIcon",
  "ProductSyncIcon",
  "ProductTaskRouterIcon",
  "ProductTraitsIcon",
  "ProductTrustHubIcon",
  "ProductTwiMLBinsIcon",
  "ProductTwilioOrgIcon",
  "ProductUSSDIcon",
  "ProductUnifyIcon",
  "ProductUsageIcon",
  "ProductVerifyIcon",
  "ProductVideoIcon",
  "ProductVoiceIcon",
  "ProductVoiceIntelligenceIcon",
  "RaiseHandIcon",
  "RecordIcon",
  "RedoIcon",
  "RefreshIcon",
  "RepeatIcon",
  "RepeatPurchaseIcon",
  "ResetIcon",
  "SMSCapableIcon",
  "SMSIcon",
  "ScreenShareIcon",
  "SearchIcon",
  "SelectIcon",
  "SelectedIcon",
  "SendIcon",
  "SentIcon",
  "SentimentNegativeIcon",
  "SentimentNeutralIcon",
  "SentimentPositiveIcon",
  "ShareIcon",
  "ShowIcon",
  "ShrinkIcon",
  "SkipBackIcon",
  "SkipForwardIcon",
  "SocialIcon",
  "SortAlphabeticalIcon",
  "SpacerVerticalIcon",
  "StarIcon",
  "StopIcon",
  "StopScreenShareIcon",
  "StoreIcon",
  "StrikethroughIcon",
  "SubscriptIcon",
  "SuccessIcon",
  "SuperscriptIcon",
  "SupportIcon",
  "SystemStatusIcon",
  "TaskIcon",
  "TextAlignCenterIcon",
  "TextAlignJustifyIcon",
  "TextAlignLeftIcon",
  "TextAlignRightIcon",
  "TextFormatClearIcon",
  "TextFormatIcon",
  "TextHighlightIcon",
  "ThemeIcon",
  "ThumbsDownIcon",
  "ThumbsUpIcon",
  "TimeIcon",
  "TipIcon",
  "TokenIcon",
  "TourIcon",
  "TransferIcon",
  "TranslationIcon",
  "TrendDownIcon",
  "TrendUpIcon",
  "UnarchiveIcon",
  "UnderlineIcon",
  "UndoIcon",
  "UnlockIcon",
  "UnorderedListIcon",
  "UnpinIcon",
  "UnsortedIcon",
  "UnsubscribeIcon",
  "UploadIcon",
  "UploadToCloudIcon",
  "UpsellIcon",
  "UserIcon",
  "UsersIcon",
  "VideoOffIcon",
  "VideoOnIcon",
  "VoiceCapableIcon",
  "VoicemailIcon",
  "VolumeOffIcon",
  "VolumeOnIcon",
  "WarningIcon",
  "WebCapableIcon",
  "WinbackIcon",
  "ZoomInIcon",
]
`;
