// Jest Snapshot v1, https://goo.gl/fbAQLP

exports[`Popover Render should render 1`] = `
<DocumentFragment>
  .emotion-2 {
  color: rgb(40,42,43);
  font-size: 0.875rem;
  font-family: 'Whitney SSm A','Whitney SSm B','Helvetica Neue',Helvetica,Arial,sans-serif;
  line-height: 1.25rem;
  font-weight: 400;
  font-variant-numeric: tabular-nums;
}

.emotion-1 {
  box-sizing: border-box;
  width: auto;
  -webkit-appearance: none;
  -moz-appearance: none;
  appearance: none;
  background: none;
  display: inline-block;
  border: none;
  outline: none;
  -webkit-transition: background-color 100ms ease-in,box-shadow 100ms ease-in,color 100ms ease-in;
  transition: background-color 100ms ease-in,box-shadow 100ms ease-in,color 100ms ease-in;
  font-family: 'Whitney SSm A','Whitney SSm B','Helvetica Neue',Helvetica,Arial,sans-serif;
  font-weight: 500;
  -webkit-text-decoration: none;
  text-decoration: none;
  position: relative;
  cursor: pointer;
  color: rgb(255,255,255);
  background-color: rgb(2,122,197);
  box-shadow: 0 0 0 1px #027ac5;
  padding-top: 0.5rem;
  padding-bottom: 0.5rem;
  padding-left: 0.75rem;
  padding-right: 0.75rem;
  border-radius: 4px;
  font-size: 0.875rem;
  line-height: 1.25rem;
}

.emotion-1:hover {
  -webkit-text-decoration: none;
  text-decoration: none;
  color: rgb(255,255,255);
  background-color: rgb(3,44,94);
  box-shadow: 0 0 0 1px #032c5e;
}

.emotion-1:focus {
  -webkit-text-decoration: none;
  text-decoration: none;
  box-shadow: 0 0 0 4px rgba(2,122,197,0.8);
  color: rgb(255,255,255);
  background-color: rgb(3,44,94);
}

.emotion-1:active,
.emotion-1[data-active=true] {
  -webkit-text-decoration: none;
  text-decoration: none;
  box-shadow: 0 0 0 1px #032c5e;
  color: rgb(255,255,255);
  background-color: rgb(0,62,130);
}

.emotion-0 {
  box-sizing: border-box;
  display: -webkit-box;
  display: -webkit-flex;
  display: -ms-flexbox;
  display: flex;
  -webkit-text-decoration: inherit;
  text-decoration: inherit;
  opacity: 1;
  -webkit-box-pack: center;
  -webkit-justify-content: center;
  -ms-flex-pack: center;
  justify-content: center;
}

<div
    class="emotion-2"
  >
    <button
      aria-busy="false"
      aria-controls="popover-example"
      aria-expanded="false"
      aria-haspopup="dialog"
      class="emotion-1"
      color="colorTextInverse"
      cursor="pointer"
      display="inline-block"
      font-family="fontFamilyText"
      font-size="fontSize30"
      font-weight="fontWeightSemibold"
      text-decoration="none"
      type="button"
      width="auto"
    >
      <span
        aria-hidden="false"
        class="emotion-0"
        display="flex"
        opacity="1"
        text-decoration="inherit"
      >
        Open popover
      </span>
    </button>
  </div>
</DocumentFragment>
`;
