// Jest Snapshot v1, https://goo.gl/fbAQLP

exports[`Tabs Render horizontally and vertically 1`] = `
<DocumentFragment>
  .emotion-0 {
  margin: 0;
  padding: 0;
  margin-bottom: space70;
  font-size: fontSize30;
  line-height: lineHeight40;
  font-weight: fontWeightNormal;
  color: colorText;
}

<p
    class="emotion-0"
    color="colorText"
    font-size="fontSize30"
    font-weight="fontWeightNormal"
  >
    These tabs have full keyboard support. Try tabbing and using arrow keys.
  </p>
  .emotion-3 {
  box-sizing: border-box;
  display: flex;
  border-bottom-width: borderWidth10;
  border-bottom-color: colorBorderWeak;
  border-bottom-style: solid;
  margin-bottom: space60;
}

.emotion-0 {
  box-sizing: border-box;
  border-bottom-color: transparent;
  border-bottom-style: solid;
  border-bottom-width: borderWidth20;
  color: colorTextWeak;
  display: inline-block;
  margin-right: space70;
  min-width: sizeSquare130;
  padding-bottom: space40;
  padding-left: space20;
  padding-right: space20;
  padding-top: space40;
  cursor: pointer;
  font-size: fontSize30;
  font-weight: fontWeightSemibold;
  overflow: hidden;
  position: relative;
  text-overflow: ellipsis;
  -webkit-transition: border-color 100ms ease,color 100ms ease;
  transition: border-color 100ms ease,color 100ms ease;
  white-space: nowrap;
}

.emotion-0:last-of-type {
  margin-right: space0;
}

.emotion-0[aria-selected=true] {
  border-bottom-color: colorBorderPrimary;
  color: colorTextLink;
}

.emotion-0:hover {
  border-bottom-color: colorBorderPrimaryStronger;
  color: colorTextLinkStronger;
}

.emotion-0:disabled,
.emotion-0:disabled:focus,
.emotion-0:disabled:hover,
.emotion-0[aria-disabled=true],
.emotion-0[aria-disabled=true]:focus,
.emotion-0[aria-disabled=true]:hover {
  border-bottom-color: transparent;
  color: colorTextWeaker;
}

.emotion-0:focus {
  border-bottom-color: colorBorderPrimaryStronger;
  box-shadow: shadowFocus;
  color: colorTextLinkStronger;
  outline: none;
}

.emotion-1 {
  box-sizing: border-box;
  border-bottom-color: transparent;
  border-bottom-style: solid;
  border-bottom-width: borderWidth20;
  color: colorTextWeak;
  display: inline-block;
  margin-right: space70;
  min-width: sizeSquare130;
  padding-bottom: space40;
  padding-left: space20;
  padding-right: space20;
  padding-top: space40;
  cursor: not-allowed;
  font-size: fontSize30;
  font-weight: fontWeightSemibold;
  overflow: hidden;
  position: relative;
  text-overflow: ellipsis;
  -webkit-transition: border-color 100ms ease,color 100ms ease;
  transition: border-color 100ms ease,color 100ms ease;
  white-space: nowrap;
}

.emotion-1:last-of-type {
  margin-right: space0;
}

.emotion-1[aria-selected=true] {
  border-bottom-color: colorBorderPrimary;
  color: colorTextLink;
}

.emotion-1:hover {
  border-bottom-color: colorBorderPrimaryStronger;
  color: colorTextLinkStronger;
}

.emotion-1:disabled,
.emotion-1:disabled:focus,
.emotion-1:disabled:hover,
.emotion-1[aria-disabled=true],
.emotion-1[aria-disabled=true]:focus,
.emotion-1[aria-disabled=true]:hover {
  border-bottom-color: transparent;
  color: colorTextWeaker;
}

.emotion-1:focus {
  border-bottom-color: colorBorderPrimaryStronger;
  box-shadow: shadowFocus;
  color: colorTextLinkStronger;
  outline: none;
}

<div
    aria-label="My tabs"
    aria-orientation="horizontal"
    id="horizontal-tabs-example"
    role="tablist"
  >
    <div
      class="emotion-3"
      display="flex"
    >
      <span
        aria-controls="horizontal-tabs-example-4"
        aria-selected="false"
        class="emotion-0"
        color="colorTextWeak"
        cursor="pointer"
        display="inline-block"
        font-size="fontSize30"
        font-weight="fontWeightSemibold"
        id="horizontal-tabs-example-1"
        overflow="hidden"
        role="tab"
        tabindex="-1"
      >
        Tab 1
      </span>
      <span
        aria-controls="horizontal-tabs-example-5"
        aria-disabled="true"
        aria-selected="false"
        class="emotion-1"
        color="colorTextWeak"
        cursor="not-allowed"
        display="inline-block"
        font-size="fontSize30"
        font-weight="fontWeightSemibold"
        id="horizontal-tabs-example-2"
        overflow="hidden"
        role="tab"
        tabindex="-1"
      >
        Tab 2
      </span>
      <span
        aria-controls="horizontal-tabs-example-6"
        aria-selected="true"
        class="emotion-0"
        color="colorTextWeak"
        cursor="pointer"
        display="inline-block"
        font-size="fontSize30"
        font-weight="fontWeightSemibold"
        id="1"
        overflow="hidden"
        role="tab"
        tabindex="0"
      >
        Tab 3
      </span>
    </div>
  </div>
  .emotion-0 {
  box-sizing: border-box;
  width: 100%;
}

<div
    class="emotion-0"
    width="100%"
  >
    <div
      aria-labelledby="horizontal-tabs-example-1"
      hidden=""
      id="horizontal-tabs-example-4"
      role="tabpanel"
      style="display: none;"
      tabindex="0"
    >
      Tab 1
    </div>
    <div
      aria-labelledby="horizontal-tabs-example-2"
      hidden=""
      id="horizontal-tabs-example-5"
      role="tabpanel"
      style="display: none;"
      tabindex="0"
    >
      Tab 2
    </div>
    <div
      aria-labelledby="1"
      id="horizontal-tabs-example-6"
      role="tabpanel"
      style=""
      tabindex="0"
    >
      Tab 3
    </div>
  </div>
  .emotion-0 {
  margin: 0;
  padding: 0;
  margin-bottom: space70;
  font-size: fontSize30;
  line-height: lineHeight40;
  font-weight: fontWeightNormal;
  color: colorText;
}

<p
    class="emotion-0"
    color="colorText"
    font-size="fontSize30"
    font-weight="fontWeightNormal"
  >
    This changes the keys to jump between tabs from left/right arrow to up/down arrow
  </p>
  .emotion-4 {
  box-sizing: border-box;
  width: 100%;
}

.emotion-5 {
  box-sizing: border-box;
  -webkit-box-pack: start;
  -webkit-justify-content: flex-start;
  -ms-flex-pack: start;
  justify-content: flex-start;
  -webkit-align-items: stretch;
  -webkit-box-align: stretch;
  -ms-flex-align: stretch;
  align-items: stretch;
  display: flex;
  min-width: size0;
}

.emotion-3 {
  box-sizing: border-box;
  border-left-width: borderWidth10;
  border-left-color: colorBorderWeak;
  border-left-style: solid;
  margin-right: space110;
  min-width: size20;
  max-width: size40;
}

.emotion-0 {
  box-sizing: border-box;
  border-left-color: transparent;
  border-left-style: solid;
  border-left-width: borderWidth20;
  color: colorTextWeak;
  display: block;
  margin-bottom: space40;
  padding-bottom: space30;
  padding-left: space50;
  padding-right: space50;
  padding-top: space30;
  cursor: pointer;
  font-size: fontSize30;
  font-weight: fontWeightSemibold;
  position: relative;
  -webkit-transition: border-color 100ms ease,color 100ms ease;
  transition: border-color 100ms ease,color 100ms ease;
}

.emotion-0:last-of-type {
  margin-bottom: space0;
}

.emotion-0[aria-selected=true] {
  border-left-color: colorBorderPrimary;
  color: colorTextLink;
}

.emotion-0:hover {
  border-left-color: colorBorderPrimaryStronger;
  color: colorTextLinkStronger;
}

.emotion-0:disabled,
.emotion-0:disabled:focus,
.emotion-0:disabled:hover,
.emotion-0[aria-disabled=true],
.emotion-0[aria-disabled=true]:focus,
.emotion-0[aria-disabled=true]:hover {
  border-left-color: transparent;
  color: colorTextWeaker;
}

.emotion-0:focus {
  border-left-color: colorBorderPrimaryStronger;
  box-shadow: shadowFocus;
  color: colorTextLinkStronger;
  outline: none;
}

<div
    class="emotion-5"
    display="flex"
  >
    <div
      aria-label="My tabs"
      aria-orientation="vertical"
      id="vertical-tabs-example"
      role="tablist"
    >
      <div
        class="emotion-3"
      >
        <span
          aria-controls="vertical-tabs-example-4"
          aria-selected="true"
          class="emotion-0"
          color="colorTextWeak"
          cursor="pointer"
          display="block"
          font-size="fontSize30"
          font-weight="fontWeightSemibold"
          id="2"
          role="tab"
          tabindex="0"
        >
          Tab 1 is a long tab name because the server sent a long tab name
        </span>
        <span
          aria-controls="vertical-tabs-example-5"
          aria-selected="false"
          class="emotion-0"
          color="colorTextWeak"
          cursor="pointer"
          display="block"
          font-size="fontSize30"
          font-weight="fontWeightSemibold"
          id="vertical-tabs-example-2"
          role="tab"
          tabindex="-1"
        >
          Tab 2
        </span>
        <span
          aria-controls="vertical-tabs-example-6"
          aria-selected="false"
          class="emotion-0"
          color="colorTextWeak"
          cursor="pointer"
          display="block"
          font-size="fontSize30"
          font-weight="fontWeightSemibold"
          id="vertical-tabs-example-3"
          role="tab"
          tabindex="-1"
        >
          Tab 3
        </span>
      </div>
    </div>
    <div
      class="emotion-4"
      width="100%"
    >
      <div
        aria-labelledby="2"
        id="vertical-tabs-example-4"
        role="tabpanel"
        style=""
        tabindex="0"
      >
        Tab 1
      </div>
      <div
        aria-labelledby="vertical-tabs-example-2"
        hidden=""
        id="vertical-tabs-example-5"
        role="tabpanel"
        style="display: none;"
        tabindex="0"
      >
        Tab 2
      </div>
      <div
        aria-labelledby="vertical-tabs-example-3"
        hidden=""
        id="vertical-tabs-example-6"
        role="tabpanel"
        style="display: none;"
        tabindex="0"
      >
        Tab 3
      </div>
    </div>
  </div>
</DocumentFragment>
`;
