// Jest Snapshot v1, https://goo.gl/fbAQLP

exports[`Pseudo-class props it should generate pseudo-class CSS 1`] = `
.emotion-1 {
  color: rgb(40,42,43);
  font-size: 0.875rem;
  font-family: 'Whitney SSm A','Whitney SSm B','Helvetica Neue',Helvetica,Arial,sans-serif;
  line-height: 1.5rem;
  font-weight: 400;
}

.emotion-0 {
  margin: 0;
  padding: 0;
  font-size: 0.875rem;
  line-height: 1.5rem;
  color: rgb(40,42,43);
}

.emotion-0:hover {
  color: rgb(0,94,166);
}

.emotion-0:active,
.emotion-0[data-active=true] {
  color: rgb(0,62,130);
}

.emotion-0:focus {
  color: rgb(3,44,94);
}

.emotion-0:visited {
  color: rgb(226,37,37);
}

.emotion-0:nth-of-type(even) {
  padding: 0.75rem;
}

.emotion-0:nth-of-type(odd) {
  margin: 0.5rem;
}

.emotion-0:disabled,
.emotion-0:disabled:focus,
.emotion-0:disabled:hover,
.emotion-0[aria-disabled=true],
.emotion-0[aria-disabled=true]:focus,
.emotion-0[aria-disabled=true]:hover {
  padding-top: 0.75rem;
}

.emotion-0:checked,
.emotion-0[aria-checked=true] {
  padding-right: 0.75rem;
}

.emotion-0:indeterminate,
.emotion-0[aria-checked=mixed] {
  padding-bottom: 0.75rem;
}

.emotion-0[aria-selected=true] {
  padding-left: 0.75rem;
}

.emotion-0:invalid,
.emotion-0[aria-invalid=true] {
  margin-top: 0.75rem;
}

.emotion-0[aria-pressed=true] {
  margin-right: 0.75rem;
}

.emotion-0[aria-readonly=true],
.emotion-0[readonly] {
  margin-bottom: 0.75rem;
}

.emotion-0:first-of-type {
  margin-left: 0.75rem;
}

.emotion-0:last-of-type {
  color: rgb(179,211,233);
}

.emotion-0[aria-expanded=true] {
  color: rgb(200,204,207);
}

.emotion-0[aria-grabbed=true] {
  color: rgb(0,153,74);
}

.emotion-0:not(:first-of-type) {
  color: rgb(228,98,22);
}

.emotion-0:not(:last-of-type) {
  color: rgb(168,62,0);
}

.emotion-0:before {
  content: "Before text";
  position: absolute;
  bottom: 0;
  left: 0;
}

.emotion-0:after {
  content: "After text";
  position: absolute;
  bottom: 0;
  left: 0;
}

.emotion-0:focus-within {
  color: rgb(112,117,120);
}

<div
  className="emotion-1"
>
  <span
    className="emotion-0"
    color="colorText"
    fontSize="fontSize30"
  >
    PseudoBox
  </span>
</div>
`;

exports[`as it should render as a provided HTML element 1`] = `
.emotion-1 {
  color: rgb(40,42,43);
  font-size: 0.875rem;
  font-family: 'Whitney SSm A','Whitney SSm B','Helvetica Neue',Helvetica,Arial,sans-serif;
  line-height: 1.5rem;
  font-weight: 400;
}

.emotion-0 {
  margin: 0;
  padding: 0;
  font-size: 0.875rem;
  line-height: 1.5rem;
  color: rgb(40,42,43);
}

<div
  className="emotion-1"
>
  <label
    className="emotion-0"
    color="colorText"
    fontSize="fontSize30"
  >
    background single
  </label>
</div>
`;

exports[`color should set a color property 1`] = `
.emotion-1 {
  color: rgb(40,42,43);
  font-size: 0.875rem;
  font-family: 'Whitney SSm A','Whitney SSm B','Helvetica Neue',Helvetica,Arial,sans-serif;
  line-height: 1.5rem;
  font-weight: 400;
}

.emotion-0 {
  margin: 0;
  padding: 0;
  color: rgb(40,42,43);
  font-size: 0.875rem;
  line-height: 1.5rem;
}

<div
  className="emotion-1"
>
  <span
    className="emotion-0"
    color="colorText"
    fontSize="fontSize30"
  >
    color single
  </span>
</div>
`;

exports[`color should set a responsive color property 1`] = `
.emotion-1 {
  color: rgb(40,42,43);
  font-size: 0.875rem;
  font-family: 'Whitney SSm A','Whitney SSm B','Helvetica Neue',Helvetica,Arial,sans-serif;
  line-height: 1.5rem;
  font-weight: 400;
}

.emotion-0 {
  margin: 0;
  padding: 0;
  color: rgb(226,37,37);
  font-size: 0.875rem;
  line-height: 1.5rem;
}

@media screen and (min-width:25rem) {
  .emotion-0 {
    color: rgb(0,153,74);
  }
}

<div
  className="emotion-1"
>
  <span
    className="emotion-0"
    color={
      Array [
        "colorTextError",
        "colorTextSuccess",
      ]
    }
    fontSize="fontSize30"
  >
    color responsive
  </span>
</div>
`;

exports[`display should set a display property 1`] = `
.emotion-1 {
  color: rgb(40,42,43);
  font-size: 0.875rem;
  font-family: 'Whitney SSm A','Whitney SSm B','Helvetica Neue',Helvetica,Arial,sans-serif;
  line-height: 1.5rem;
  font-weight: 400;
}

.emotion-0 {
  margin: 0;
  padding: 0;
  display: inline-block;
  font-size: 0.875rem;
  line-height: 1.5rem;
  color: rgb(40,42,43);
}

<div
  className="emotion-1"
>
  <span
    className="emotion-0"
    color="colorText"
    display="inline-block"
    fontSize="fontSize30"
  >
    display single
  </span>
</div>
`;

exports[`display should set a responsive display property 1`] = `
.emotion-1 {
  color: rgb(40,42,43);
  font-size: 0.875rem;
  font-family: 'Whitney SSm A','Whitney SSm B','Helvetica Neue',Helvetica,Arial,sans-serif;
  line-height: 1.5rem;
  font-weight: 400;
}

.emotion-0 {
  margin: 0;
  padding: 0;
  display: inline-block;
  font-size: 0.875rem;
  line-height: 1.5rem;
  color: rgb(40,42,43);
}

@media screen and (min-width:25rem) {
  .emotion-0 {
    display: block;
  }
}

<div
  className="emotion-1"
>
  <span
    className="emotion-0"
    color="colorText"
    display={
      Array [
        "inline-block",
        "block",
      ]
    }
    fontSize="fontSize30"
  >
    display responsive
  </span>
</div>
`;

exports[`fontFamily should set a font family property 1`] = `
.emotion-1 {
  color: rgb(40,42,43);
  font-size: 0.875rem;
  font-family: 'Whitney SSm A','Whitney SSm B','Helvetica Neue',Helvetica,Arial,sans-serif;
  line-height: 1.5rem;
  font-weight: 400;
}

.emotion-0 {
  margin: 0;
  padding: 0;
  font-family: 'Fira Mono','Courier New',Courier,monospace;
  font-size: 0.875rem;
  line-height: 1.5rem;
  color: rgb(40,42,43);
}

<div
  className="emotion-1"
>
  <span
    className="emotion-0"
    color="colorText"
    fontFamily="fontFamilyCode"
    fontSize="fontSize30"
  >
    font family single
  </span>
</div>
`;

exports[`fontFamily should set a responsive font family property 1`] = `
.emotion-1 {
  color: rgb(40,42,43);
  font-size: 0.875rem;
  font-family: 'Whitney SSm A','Whitney SSm B','Helvetica Neue',Helvetica,Arial,sans-serif;
  line-height: 1.5rem;
  font-weight: 400;
}

.emotion-0 {
  margin: 0;
  padding: 0;
  font-family: 'Whitney SSm A','Whitney SSm B','Helvetica Neue',Helvetica,Arial,sans-serif;
  font-size: 0.875rem;
  line-height: 1.5rem;
  color: rgb(40,42,43);
}

@media screen and (min-width:25rem) {
  .emotion-0 {
    font-family: 'Fira Mono','Courier New',Courier,monospace;
  }
}

<div
  className="emotion-1"
>
  <span
    className="emotion-0"
    color="colorText"
    fontFamily={
      Array [
        "fontFamilyText",
        "fontFamilyCode",
      ]
    }
    fontSize="fontSize30"
  >
    font family responsive
  </span>
</div>
`;

exports[`fontSize should set a font size property 1`] = `
.emotion-1 {
  color: rgb(40,42,43);
  font-size: 0.875rem;
  font-family: 'Whitney SSm A','Whitney SSm B','Helvetica Neue',Helvetica,Arial,sans-serif;
  line-height: 1.5rem;
  font-weight: 400;
}

.emotion-0 {
  margin: 0;
  padding: 0;
  font-size: 0.625rem;
  line-height: 1.5rem;
  color: rgb(40,42,43);
}

<div
  className="emotion-1"
>
  <span
    className="emotion-0"
    color="colorText"
    fontSize="fontSize10"
  >
    font size single
  </span>
</div>
`;

exports[`fontSize should set a responsive font size property 1`] = `
.emotion-1 {
  color: rgb(40,42,43);
  font-size: 0.875rem;
  font-family: 'Whitney SSm A','Whitney SSm B','Helvetica Neue',Helvetica,Arial,sans-serif;
  line-height: 1.5rem;
  font-weight: 400;
}

.emotion-0 {
  margin: 0;
  padding: 0;
  font-size: 0.75rem;
  line-height: 1.5rem;
  color: rgb(40,42,43);
}

@media screen and (min-width:25rem) {
  .emotion-0 {
    font-size: 0.875rem;
  }
}

<div
  className="emotion-1"
>
  <span
    className="emotion-0"
    color="colorText"
    fontSize={
      Array [
        "fontSize20",
        "fontSize30",
      ]
    }
  >
    font size responsive
  </span>
</div>
`;

exports[`fontStyle should set a font style property 1`] = `
.emotion-1 {
  color: rgb(40,42,43);
  font-size: 0.875rem;
  font-family: 'Whitney SSm A','Whitney SSm B','Helvetica Neue',Helvetica,Arial,sans-serif;
  line-height: 1.5rem;
  font-weight: 400;
}

.emotion-0 {
  margin: 0;
  padding: 0;
  font-style: italic;
  font-size: 0.875rem;
  line-height: 1.5rem;
  color: rgb(40,42,43);
}

<div
  className="emotion-1"
>
  <span
    className="emotion-0"
    color="colorText"
    fontSize="fontSize30"
    fontStyle="italic"
  >
    font style single
  </span>
</div>
`;

exports[`fontStyle should set a responsive font style property 1`] = `
.emotion-1 {
  color: rgb(40,42,43);
  font-size: 0.875rem;
  font-family: 'Whitney SSm A','Whitney SSm B','Helvetica Neue',Helvetica,Arial,sans-serif;
  line-height: 1.5rem;
  font-weight: 400;
}

.emotion-0 {
  margin: 0;
  padding: 0;
  font-style: italic;
  font-size: 0.875rem;
  line-height: 1.5rem;
  color: rgb(40,42,43);
}

@media screen and (min-width:25rem) {
  .emotion-0 {
    font-style: normal;
  }
}

<div
  className="emotion-1"
>
  <span
    className="emotion-0"
    color="colorText"
    fontSize="fontSize30"
    fontStyle={
      Array [
        "italic",
        "normal",
      ]
    }
  >
    font style responsive
  </span>
</div>
`;

exports[`fontWeight should set a font weight property 1`] = `
.emotion-1 {
  color: rgb(40,42,43);
  font-size: 0.875rem;
  font-family: 'Whitney SSm A','Whitney SSm B','Helvetica Neue',Helvetica,Arial,sans-serif;
  line-height: 1.5rem;
  font-weight: 400;
}

.emotion-0 {
  margin: 0;
  padding: 0;
  font-weight: 700;
  font-size: 0.875rem;
  line-height: 1.5rem;
  color: rgb(40,42,43);
}

<div
  className="emotion-1"
>
  <span
    className="emotion-0"
    color="colorText"
    fontSize="fontSize30"
    fontWeight="fontWeightBold"
  >
    font weight single
  </span>
</div>
`;

exports[`fontWeight should set a responsive font weight property 1`] = `
.emotion-1 {
  color: rgb(40,42,43);
  font-size: 0.875rem;
  font-family: 'Whitney SSm A','Whitney SSm B','Helvetica Neue',Helvetica,Arial,sans-serif;
  line-height: 1.5rem;
  font-weight: 400;
}

.emotion-0 {
  margin: 0;
  padding: 0;
  font-weight: 300;
  font-size: 0.875rem;
  line-height: 1.5rem;
  color: rgb(40,42,43);
}

@media screen and (min-width:25rem) {
  .emotion-0 {
    font-weight: 500;
  }
}

<div
  className="emotion-1"
>
  <span
    className="emotion-0"
    color="colorText"
    fontSize="fontSize30"
    fontWeight={
      Array [
        "fontWeightLight",
        "fontWeightSemibold",
      ]
    }
  >
    font weight responsive
  </span>
</div>
`;

exports[`letterSpacing should set a letter spacing property 1`] = `
.emotion-1 {
  color: rgb(40,42,43);
  font-size: 0.875rem;
  font-family: 'Whitney SSm A','Whitney SSm B','Helvetica Neue',Helvetica,Arial,sans-serif;
  line-height: 1.5rem;
  font-weight: 400;
}

.emotion-0 {
  margin: 0;
  padding: 0;
  -webkit-letter-spacing: 1px;
  -moz-letter-spacing: 1px;
  -ms-letter-spacing: 1px;
  letter-spacing: 1px;
  font-size: 0.875rem;
  line-height: 1.5rem;
  color: rgb(40,42,43);
}

<div
  className="emotion-1"
>
  <span
    className="emotion-0"
    color="colorText"
    fontSize="fontSize30"
    letterSpacing="1px"
  >
    letter spacing single
  </span>
</div>
`;

exports[`letterSpacing should set a responsive letter spacing property 1`] = `
.emotion-1 {
  color: rgb(40,42,43);
  font-size: 0.875rem;
  font-family: 'Whitney SSm A','Whitney SSm B','Helvetica Neue',Helvetica,Arial,sans-serif;
  line-height: 1.5rem;
  font-weight: 400;
}

.emotion-0 {
  margin: 0;
  padding: 0;
  -webkit-letter-spacing: -2px;
  -moz-letter-spacing: -2px;
  -ms-letter-spacing: -2px;
  letter-spacing: -2px;
  font-size: 0.875rem;
  line-height: 1.5rem;
  color: rgb(40,42,43);
}

@media screen and (min-width:25rem) {
  .emotion-0 {
    -webkit-letter-spacing: 3px;
    -moz-letter-spacing: 3px;
    -ms-letter-spacing: 3px;
    letter-spacing: 3px;
  }
}

<div
  className="emotion-1"
>
  <span
    className="emotion-0"
    color="colorText"
    fontSize="fontSize30"
    letterSpacing={
      Array [
        "-2px",
        "3px",
      ]
    }
  >
    letter spacing responsive
  </span>
</div>
`;

exports[`lineHeight should set a line height property 1`] = `
.emotion-1 {
  color: rgb(40,42,43);
  font-size: 0.875rem;
  font-family: 'Whitney SSm A','Whitney SSm B','Helvetica Neue',Helvetica,Arial,sans-serif;
  line-height: 1.5rem;
  font-weight: 400;
}

.emotion-0 {
  margin: 0;
  padding: 0;
  line-height: 1rem;
  font-size: 0.875rem;
  color: rgb(40,42,43);
}

<div
  className="emotion-1"
>
  <span
    className="emotion-0"
    color="colorText"
    fontSize="fontSize30"
  >
    line height single
  </span>
</div>
`;

exports[`lineHeight should set a responsive line height property 1`] = `
.emotion-1 {
  color: rgb(40,42,43);
  font-size: 0.875rem;
  font-family: 'Whitney SSm A','Whitney SSm B','Helvetica Neue',Helvetica,Arial,sans-serif;
  line-height: 1.5rem;
  font-weight: 400;
}

.emotion-0 {
  margin: 0;
  padding: 0;
  line-height: 1.25rem;
  font-size: 0.875rem;
  color: rgb(40,42,43);
}

@media screen and (min-width:25rem) {
  .emotion-0 {
    line-height: 1.5rem;
  }
}

<div
  className="emotion-1"
>
  <span
    className="emotion-0"
    color="colorText"
    fontSize="fontSize30"
  >
    line height responsive
  </span>
</div>
`;

exports[`margin should set a margin property 1`] = `
.emotion-1 {
  color: rgb(40,42,43);
  font-size: 0.875rem;
  font-family: 'Whitney SSm A','Whitney SSm B','Helvetica Neue',Helvetica,Arial,sans-serif;
  line-height: 1.5rem;
  font-weight: 400;
}

.emotion-0 {
  margin: 0;
  padding: 0;
  margin: 0.125rem;
  font-size: 0.875rem;
  line-height: 1.5rem;
  color: rgb(40,42,43);
}

<div
  className="emotion-1"
>
  <span
    className="emotion-0"
    color="colorText"
    fontSize="fontSize30"
  >
    margin single
  </span>
</div>
`;

exports[`margin should set a responsive margin property 1`] = `
.emotion-1 {
  color: rgb(40,42,43);
  font-size: 0.875rem;
  font-family: 'Whitney SSm A','Whitney SSm B','Helvetica Neue',Helvetica,Arial,sans-serif;
  line-height: 1.5rem;
  font-weight: 400;
}

.emotion-0 {
  margin: 0;
  padding: 0;
  margin: 0.25rem;
  font-size: 0.875rem;
  line-height: 1.5rem;
  color: rgb(40,42,43);
}

@media screen and (min-width:25rem) {
  .emotion-0 {
    margin: 0.5rem;
  }
}

<div
  className="emotion-1"
>
  <span
    className="emotion-0"
    color="colorText"
    fontSize="fontSize30"
  >
    margin responsive
  </span>
</div>
`;

exports[`marginBottom should set a marginBottom property 1`] = `
.emotion-1 {
  color: rgb(40,42,43);
  font-size: 0.875rem;
  font-family: 'Whitney SSm A','Whitney SSm B','Helvetica Neue',Helvetica,Arial,sans-serif;
  line-height: 1.5rem;
  font-weight: 400;
}

.emotion-0 {
  margin: 0;
  padding: 0;
  margin-bottom: 0.125rem;
  font-size: 0.875rem;
  line-height: 1.5rem;
  color: rgb(40,42,43);
}

<div
  className="emotion-1"
>
  <span
    className="emotion-0"
    color="colorText"
    fontSize="fontSize30"
  >
    marginBottom single
  </span>
</div>
`;

exports[`marginBottom should set a responsive marginBottom property 1`] = `
.emotion-1 {
  color: rgb(40,42,43);
  font-size: 0.875rem;
  font-family: 'Whitney SSm A','Whitney SSm B','Helvetica Neue',Helvetica,Arial,sans-serif;
  line-height: 1.5rem;
  font-weight: 400;
}

.emotion-0 {
  margin: 0;
  padding: 0;
  margin-bottom: 0.25rem;
  font-size: 0.875rem;
  line-height: 1.5rem;
  color: rgb(40,42,43);
}

@media screen and (min-width:25rem) {
  .emotion-0 {
    margin-bottom: 0.5rem;
  }
}

<div
  className="emotion-1"
>
  <span
    className="emotion-0"
    color="colorText"
    fontSize="fontSize30"
  >
    marginBottom responsive
  </span>
</div>
`;

exports[`marginLeft should set a marginLeft property 1`] = `
.emotion-1 {
  color: rgb(40,42,43);
  font-size: 0.875rem;
  font-family: 'Whitney SSm A','Whitney SSm B','Helvetica Neue',Helvetica,Arial,sans-serif;
  line-height: 1.5rem;
  font-weight: 400;
}

.emotion-0 {
  margin: 0;
  padding: 0;
  margin-left: 0.125rem;
  font-size: 0.875rem;
  line-height: 1.5rem;
  color: rgb(40,42,43);
}

<div
  className="emotion-1"
>
  <span
    className="emotion-0"
    color="colorText"
    fontSize="fontSize30"
  >
    marginLeft single
  </span>
</div>
`;

exports[`marginLeft should set a responsive marginLeft property 1`] = `
.emotion-1 {
  color: rgb(40,42,43);
  font-size: 0.875rem;
  font-family: 'Whitney SSm A','Whitney SSm B','Helvetica Neue',Helvetica,Arial,sans-serif;
  line-height: 1.5rem;
  font-weight: 400;
}

.emotion-0 {
  margin: 0;
  padding: 0;
  margin-left: 0.25rem;
  font-size: 0.875rem;
  line-height: 1.5rem;
  color: rgb(40,42,43);
}

@media screen and (min-width:25rem) {
  .emotion-0 {
    margin-left: 0.5rem;
  }
}

<div
  className="emotion-1"
>
  <span
    className="emotion-0"
    color="colorText"
    fontSize="fontSize30"
  >
    marginLeft responsive
  </span>
</div>
`;

exports[`marginRight should set a marginRight property 1`] = `
.emotion-1 {
  color: rgb(40,42,43);
  font-size: 0.875rem;
  font-family: 'Whitney SSm A','Whitney SSm B','Helvetica Neue',Helvetica,Arial,sans-serif;
  line-height: 1.5rem;
  font-weight: 400;
}

.emotion-0 {
  margin: 0;
  padding: 0;
  margin-right: 0.125rem;
  font-size: 0.875rem;
  line-height: 1.5rem;
  color: rgb(40,42,43);
}

<div
  className="emotion-1"
>
  <span
    className="emotion-0"
    color="colorText"
    fontSize="fontSize30"
  >
    marginRight single
  </span>
</div>
`;

exports[`marginRight should set a responsive marginRight property 1`] = `
.emotion-1 {
  color: rgb(40,42,43);
  font-size: 0.875rem;
  font-family: 'Whitney SSm A','Whitney SSm B','Helvetica Neue',Helvetica,Arial,sans-serif;
  line-height: 1.5rem;
  font-weight: 400;
}

.emotion-0 {
  margin: 0;
  padding: 0;
  margin-right: 0.25rem;
  font-size: 0.875rem;
  line-height: 1.5rem;
  color: rgb(40,42,43);
}

@media screen and (min-width:25rem) {
  .emotion-0 {
    margin-right: 0.5rem;
  }
}

<div
  className="emotion-1"
>
  <span
    className="emotion-0"
    color="colorText"
    fontSize="fontSize30"
  >
    marginRight responsive
  </span>
</div>
`;

exports[`marginTop should set a marginTop property 1`] = `
.emotion-1 {
  color: rgb(40,42,43);
  font-size: 0.875rem;
  font-family: 'Whitney SSm A','Whitney SSm B','Helvetica Neue',Helvetica,Arial,sans-serif;
  line-height: 1.5rem;
  font-weight: 400;
}

.emotion-0 {
  margin: 0;
  padding: 0;
  margin-top: 0.125rem;
  font-size: 0.875rem;
  line-height: 1.5rem;
  color: rgb(40,42,43);
}

<div
  className="emotion-1"
>
  <span
    className="emotion-0"
    color="colorText"
    fontSize="fontSize30"
  >
    marginTop single
  </span>
</div>
`;

exports[`marginTop should set a responsive marginTop property 1`] = `
.emotion-1 {
  color: rgb(40,42,43);
  font-size: 0.875rem;
  font-family: 'Whitney SSm A','Whitney SSm B','Helvetica Neue',Helvetica,Arial,sans-serif;
  line-height: 1.5rem;
  font-weight: 400;
}

.emotion-0 {
  margin: 0;
  padding: 0;
  margin-top: 0.25rem;
  font-size: 0.875rem;
  line-height: 1.5rem;
  color: rgb(40,42,43);
}

@media screen and (min-width:25rem) {
  .emotion-0 {
    margin-top: 0.5rem;
  }
}

<div
  className="emotion-1"
>
  <span
    className="emotion-0"
    color="colorText"
    fontSize="fontSize30"
  >
    marginTop responsive
  </span>
</div>
`;

exports[`padding should set a padding property 1`] = `
.emotion-1 {
  color: rgb(40,42,43);
  font-size: 0.875rem;
  font-family: 'Whitney SSm A','Whitney SSm B','Helvetica Neue',Helvetica,Arial,sans-serif;
  line-height: 1.5rem;
  font-weight: 400;
}

.emotion-0 {
  margin: 0;
  padding: 0;
  padding: 0.125rem;
  font-size: 0.875rem;
  line-height: 1.5rem;
  color: rgb(40,42,43);
}

<div
  className="emotion-1"
>
  <span
    className="emotion-0"
    color="colorText"
    fontSize="fontSize30"
  >
    padding single
  </span>
</div>
`;

exports[`padding should set a responsive padding property 1`] = `
.emotion-1 {
  color: rgb(40,42,43);
  font-size: 0.875rem;
  font-family: 'Whitney SSm A','Whitney SSm B','Helvetica Neue',Helvetica,Arial,sans-serif;
  line-height: 1.5rem;
  font-weight: 400;
}

.emotion-0 {
  margin: 0;
  padding: 0;
  padding: 0.25rem;
  font-size: 0.875rem;
  line-height: 1.5rem;
  color: rgb(40,42,43);
}

@media screen and (min-width:25rem) {
  .emotion-0 {
    padding: 0.5rem;
  }
}

<div
  className="emotion-1"
>
  <span
    className="emotion-0"
    color="colorText"
    fontSize="fontSize30"
  >
    padding responsive
  </span>
</div>
`;

exports[`paddingBottom should set a paddingBottom property 1`] = `
.emotion-1 {
  color: rgb(40,42,43);
  font-size: 0.875rem;
  font-family: 'Whitney SSm A','Whitney SSm B','Helvetica Neue',Helvetica,Arial,sans-serif;
  line-height: 1.5rem;
  font-weight: 400;
}

.emotion-0 {
  margin: 0;
  padding: 0;
  padding-bottom: 0.125rem;
  font-size: 0.875rem;
  line-height: 1.5rem;
  color: rgb(40,42,43);
}

<div
  className="emotion-1"
>
  <span
    className="emotion-0"
    color="colorText"
    fontSize="fontSize30"
  >
    paddingBottom single
  </span>
</div>
`;

exports[`paddingBottom should set a responsive paddingBottom property 1`] = `
.emotion-1 {
  color: rgb(40,42,43);
  font-size: 0.875rem;
  font-family: 'Whitney SSm A','Whitney SSm B','Helvetica Neue',Helvetica,Arial,sans-serif;
  line-height: 1.5rem;
  font-weight: 400;
}

.emotion-0 {
  margin: 0;
  padding: 0;
  padding-bottom: 0.25rem;
  font-size: 0.875rem;
  line-height: 1.5rem;
  color: rgb(40,42,43);
}

@media screen and (min-width:25rem) {
  .emotion-0 {
    padding-bottom: 0.5rem;
  }
}

<div
  className="emotion-1"
>
  <span
    className="emotion-0"
    color="colorText"
    fontSize="fontSize30"
  >
    paddingBottom responsive
  </span>
</div>
`;

exports[`paddingLeft should set a paddingLeft property 1`] = `
.emotion-1 {
  color: rgb(40,42,43);
  font-size: 0.875rem;
  font-family: 'Whitney SSm A','Whitney SSm B','Helvetica Neue',Helvetica,Arial,sans-serif;
  line-height: 1.5rem;
  font-weight: 400;
}

.emotion-0 {
  margin: 0;
  padding: 0;
  padding-left: 0.125rem;
  font-size: 0.875rem;
  line-height: 1.5rem;
  color: rgb(40,42,43);
}

<div
  className="emotion-1"
>
  <span
    className="emotion-0"
    color="colorText"
    fontSize="fontSize30"
  >
    paddingLeft single
  </span>
</div>
`;

exports[`paddingLeft should set a responsive paddingLeft property 1`] = `
.emotion-1 {
  color: rgb(40,42,43);
  font-size: 0.875rem;
  font-family: 'Whitney SSm A','Whitney SSm B','Helvetica Neue',Helvetica,Arial,sans-serif;
  line-height: 1.5rem;
  font-weight: 400;
}

.emotion-0 {
  margin: 0;
  padding: 0;
  padding-left: 0.25rem;
  font-size: 0.875rem;
  line-height: 1.5rem;
  color: rgb(40,42,43);
}

@media screen and (min-width:25rem) {
  .emotion-0 {
    padding-left: 0.5rem;
  }
}

<div
  className="emotion-1"
>
  <span
    className="emotion-0"
    color="colorText"
    fontSize="fontSize30"
  >
    paddingLeft responsive
  </span>
</div>
`;

exports[`paddingRight should set a paddingRight property 1`] = `
.emotion-1 {
  color: rgb(40,42,43);
  font-size: 0.875rem;
  font-family: 'Whitney SSm A','Whitney SSm B','Helvetica Neue',Helvetica,Arial,sans-serif;
  line-height: 1.5rem;
  font-weight: 400;
}

.emotion-0 {
  margin: 0;
  padding: 0;
  padding-right: 0.125rem;
  font-size: 0.875rem;
  line-height: 1.5rem;
  color: rgb(40,42,43);
}

<div
  className="emotion-1"
>
  <span
    className="emotion-0"
    color="colorText"
    fontSize="fontSize30"
  >
    paddingRight single
  </span>
</div>
`;

exports[`paddingRight should set a responsive paddingRight property 1`] = `
.emotion-1 {
  color: rgb(40,42,43);
  font-size: 0.875rem;
  font-family: 'Whitney SSm A','Whitney SSm B','Helvetica Neue',Helvetica,Arial,sans-serif;
  line-height: 1.5rem;
  font-weight: 400;
}

.emotion-0 {
  margin: 0;
  padding: 0;
  padding-right: 0.25rem;
  font-size: 0.875rem;
  line-height: 1.5rem;
  color: rgb(40,42,43);
}

@media screen and (min-width:25rem) {
  .emotion-0 {
    padding-right: 0.5rem;
  }
}

<div
  className="emotion-1"
>
  <span
    className="emotion-0"
    color="colorText"
    fontSize="fontSize30"
  >
    paddingRight responsive
  </span>
</div>
`;

exports[`paddingTop should set a paddingTop property 1`] = `
.emotion-1 {
  color: rgb(40,42,43);
  font-size: 0.875rem;
  font-family: 'Whitney SSm A','Whitney SSm B','Helvetica Neue',Helvetica,Arial,sans-serif;
  line-height: 1.5rem;
  font-weight: 400;
}

.emotion-0 {
  margin: 0;
  padding: 0;
  padding-top: 0.125rem;
  font-size: 0.875rem;
  line-height: 1.5rem;
  color: rgb(40,42,43);
}

<div
  className="emotion-1"
>
  <span
    className="emotion-0"
    color="colorText"
    fontSize="fontSize30"
  >
    paddingTop single
  </span>
</div>
`;

exports[`paddingTop should set a responsive paddingTop property 1`] = `
.emotion-1 {
  color: rgb(40,42,43);
  font-size: 0.875rem;
  font-family: 'Whitney SSm A','Whitney SSm B','Helvetica Neue',Helvetica,Arial,sans-serif;
  line-height: 1.5rem;
  font-weight: 400;
}

.emotion-0 {
  margin: 0;
  padding: 0;
  padding-top: 0.25rem;
  font-size: 0.875rem;
  line-height: 1.5rem;
  color: rgb(40,42,43);
}

@media screen and (min-width:25rem) {
  .emotion-0 {
    padding-top: 0.5rem;
  }
}

<div
  className="emotion-1"
>
  <span
    className="emotion-0"
    color="colorText"
    fontSize="fontSize30"
  >
    paddingTop responsive
  </span>
</div>
`;

exports[`textAlign should set a responsive textAlign property 1`] = `
.emotion-1 {
  color: rgb(40,42,43);
  font-size: 0.875rem;
  font-family: 'Whitney SSm A','Whitney SSm B','Helvetica Neue',Helvetica,Arial,sans-serif;
  line-height: 1.5rem;
  font-weight: 400;
}

.emotion-0 {
  margin: 0;
  padding: 0;
  text-align: center;
  font-size: 0.875rem;
  line-height: 1.5rem;
  color: rgb(40,42,43);
}

@media screen and (min-width:25rem) {
  .emotion-0 {
    text-align: left;
  }
}

<div
  className="emotion-1"
>
  <span
    className="emotion-0"
    color="colorText"
    fontSize="fontSize30"
  >
    textAlign responsive
  </span>
</div>
`;

exports[`textAlign should set a textAlign property 1`] = `
.emotion-1 {
  color: rgb(40,42,43);
  font-size: 0.875rem;
  font-family: 'Whitney SSm A','Whitney SSm B','Helvetica Neue',Helvetica,Arial,sans-serif;
  line-height: 1.5rem;
  font-weight: 400;
}

.emotion-0 {
  margin: 0;
  padding: 0;
  text-align: right;
  font-size: 0.875rem;
  line-height: 1.5rem;
  color: rgb(40,42,43);
}

<div
  className="emotion-1"
>
  <span
    className="emotion-0"
    color="colorText"
    fontSize="fontSize30"
  >
    textAlign single
  </span>
</div>
`;

exports[`textDecoration should set a responsive textDecoration property 1`] = `
.emotion-1 {
  color: rgb(40,42,43);
  font-size: 0.875rem;
  font-family: 'Whitney SSm A','Whitney SSm B','Helvetica Neue',Helvetica,Arial,sans-serif;
  line-height: 1.5rem;
  font-weight: 400;
}

.emotion-0 {
  margin: 0;
  padding: 0;
  -webkit-text-decoration: underline;
  text-decoration: underline;
  font-size: 0.875rem;
  line-height: 1.5rem;
  color: rgb(40,42,43);
}

@media screen and (min-width:25rem) {
  .emotion-0 {
    -webkit-text-decoration: normal;
    text-decoration: normal;
  }
}

<div
  className="emotion-1"
>
  <span
    className="emotion-0"
    color="colorText"
    fontSize="fontSize30"
    textDecoration={
      Array [
        "underline",
        "normal",
      ]
    }
  >
    textDecoration responsive
  </span>
</div>
`;

exports[`textDecoration should set a textDecoration property 1`] = `
.emotion-1 {
  color: rgb(40,42,43);
  font-size: 0.875rem;
  font-family: 'Whitney SSm A','Whitney SSm B','Helvetica Neue',Helvetica,Arial,sans-serif;
  line-height: 1.5rem;
  font-weight: 400;
}

.emotion-0 {
  margin: 0;
  padding: 0;
  -webkit-text-decoration: underline;
  text-decoration: underline;
  font-size: 0.875rem;
  line-height: 1.5rem;
  color: rgb(40,42,43);
}

<div
  className="emotion-1"
>
  <span
    className="emotion-0"
    color="colorText"
    fontSize="fontSize30"
    textDecoration="underline"
  >
    textDecoration single
  </span>
</div>
`;
