// Jest Snapshot v1, https://goo.gl/fbAQLP

exports[`Avatar image should render responsive css with an image 1`] = `
<DocumentFragment>
  .emotion-1 {
  box-sizing: border-box;
  background-color: colorBackgroundUser;
  border-radius: borderRadiusCircle;
  overflow: hidden;
  width: sizeIcon30;
  height: sizeIcon30;
}

@media screen and (min-width:40em) {
  .emotion-1 {
    width: sizeIcon40;
    height: sizeIcon40;
  }
}

@media screen and (min-width:52em) {
  .emotion-1 {
    width: sizeIcon90;
    height: sizeIcon90;
  }
}

.emotion-0 {
  box-sizing: border-box;
  max-width: 100%;
  width: sizeIcon30;
  height: sizeIcon30;
}

@media screen and (min-width:40em) {
  .emotion-0 {
    width: sizeIcon40;
    height: sizeIcon40;
  }
}

@media screen and (min-width:52em) {
  .emotion-0 {
    width: sizeIcon90;
    height: sizeIcon90;
  }
}

<div
    class="emotion-1"
    data-paste-element="BOX"
    overflow="hidden"
  >
    <img
      alt="avatar example"
      class="emotion-0"
      data-paste-element="BOX"
      src="/avatars/avatar2.png"
      title="avatar example"
    />
  </div>
</DocumentFragment>
`;

exports[`Avatar intials should render responsive css 1`] = `
<DocumentFragment>
  .emotion-1 {
  box-sizing: border-box;
  background-color: colorBackgroundUser;
  border-radius: borderRadiusCircle;
  overflow: hidden;
  width: sizeIcon10;
  height: sizeIcon10;
}

@media screen and (min-width:40em) {
  .emotion-1 {
    width: sizeIcon60;
    height: sizeIcon60;
  }
}

@media screen and (min-width:52em) {
  .emotion-1 {
    width: sizeIcon100;
    height: sizeIcon100;
  }
}

.emotion-0 {
  margin: 0;
  padding: 0;
  color: colorText;
  font-size: fontSize10;
  line-height: lineHeight10;
  display: block;
  font-weight: fontWeightBold;
  text-align: center;
  -webkit-text-decoration: none;
  text-decoration: none;
}

@media screen and (min-width:40em) {
  .emotion-0 {
    font-size: fontSize10;
    line-height: lineHeight60;
  }
}

@media screen and (min-width:52em) {
  .emotion-0 {
    font-size: fontSize60;
    line-height: lineHeight100;
  }
}

<div
    class="emotion-1"
    data-paste-element="BOX"
    overflow="hidden"
  >
    <abbr
      class="emotion-0"
      color="colorText"
      data-paste-element="TEXT"
      display="block"
      font-size="fontSize10,fontSize10,fontSize60"
      font-weight="fontWeightBold"
      text-decoration="none"
      title="Simon Taggart"
    >
      ST
    </abbr>
  </div>
</DocumentFragment>
`;
