// Jest Snapshot v1, https://goo.gl/fbAQLP

exports[`SiblingBox render it should render 1`] = `
.emotion-1 {
  color: rgb(40,42,43);
  font-size: 0.875rem;
  font-family: 'Whitney SSm A','Whitney SSm B','Helvetica Neue',Helvetica,Arial,sans-serif;
  line-height: 1.25rem;
  font-weight: 400;
}

.emotion-0 {
  box-sizing: border-box;
  width: 1rem;
  -webkit-align-items: center;
  -webkit-box-align: center;
  -ms-flex-align: center;
  align-items: center;
  display: -webkit-inline-box;
  display: -webkit-inline-flex;
  display: -ms-inline-flexbox;
  display: inline-flex;
  -webkit-flex-shrink: 0;
  -ms-flex-negative: 0;
  flex-shrink: 0;
  -webkit-box-pack: center;
  -webkit-justify-content: center;
  -ms-flex-pack: center;
  justify-content: center;
  -webkit-transition: all 120ms;
  transition: all 120ms;
}

.emotion-0:hover {
  background-color: rgb(255,255,255);
}

input[type=checkbox]:active + label .emotion-0 {
  color: rgb(40,42,43);
}

input[type=checkbox]:checked + label .emotion-0,
input[type=checkbox][aria-checked=mixed] + label .emotion-0 {
  padding: 0.125rem;
}

input[type=checkbox]:checked:active + label .emotion-0,
input[type=checkbox][aria-checked=mixed]:active + label .emotion-0 {
  height: 2.5rem;
}

input[type=checkbox]:checked + label .emotion-0 > *,
input[type=checkbox][aria-checked=mixed] + label .emotion-0 > * {
  padding-bottom: 0.5rem;
}

input[type=checkbox]:checked:disabled + label .emotion-0,
input[type=checkbox][aria-checked=mixed]:disabled + label .emotion-0 {
  width: 1.75rem;
}

input[type=checkbox]:checked:focus + label .emotion-0,
input[type=checkbox][aria-checked=mixed]:focus + label .emotion-0 {
  min-height: 70.5rem;
}

input[type=checkbox]:checked:hover:not(:disabled) + label .emotion-0,
input[type=checkbox][aria-checked=mixed]:hover:not(:disabled) + label .emotion-0 {
  border-radius: 2px;
}

input[type=checkbox][aria-invalid=true]:checked + label .emotion-0 {
  margin-right: 1.75rem;
}

input[type=checkbox] + label .emotion-0 > * {
  margin-bottom: 0.5rem;
}

input[type=checkbox]:disabled + label .emotion-0 {
  border-color: rgb(136,140,142);
}

input[type=checkbox]:focus + label .emotion-0 {
  margin: 0.125rem;
}

input[type=checkbox]:hover:not(:disabled):not(:checked) + label .emotion-0 {
  padding-left: 1rem;
}

input[type=checkbox][aria-invalid=true] + label .emotion-0 {
  background-color: rgb(248,248,249);
}

<div
  className="emotion-1"
>
  <div
    aria-hidden="true"
    className="emotion-0"
    display="inline-flex"
    width="sizeSquare50"
  >
    child
  </div>
</div>
`;
