// Jest Snapshot v1, https://goo.gl/fbAQLP

exports[`FormTextArea render it should render 1`] = `
.emotion-3 {
  font-family: 'Whitney SSm A','Whitney SSm B','Helvetica Neue',Helvetica,Arial,sans-serif;
  font-size: 0.875rem;
  line-height: 1.5rem;
  color: #282a2b;
  font-weight: 400;
}

.emotion-3 *,
.emotion-3 *::after,
.emotion-3 *::before {
  box-sizing: border-box;
}

.emotion-2 {
  box-sizing: border-box;
  min-width: 0;
  display: -webkit-box;
  display: -webkit-flex;
  display: -ms-flexbox;
  display: flex;
  width: 100%;
  background-color: #ffffff;
  box-shadow: 0 0 0 1px #606b85;
  border-radius: 4px;
  -webkit-transition: box-shadow 100ms ease-in;
  transition: box-shadow 100ms ease-in;
  cursor: text;
}

.emotion-2:hover {
  box-shadow: 0 0 0 1px #030b5d;
}

.emotion-2:focus-within {
  box-shadow: 0 0 0 4px rgba(2,122,197,0.8);
}

.emotion-0 {
  -webkit-appearance: none;
  -moz-appearance: none;
  appearance: none;
  border: none;
  background: transparent;
  outline: none;
  display: block;
  width: 100%;
  max-height: 18.5rem;
  font-size: 0.875rem;
  line-height: 1.5rem;
  font-weight: 400;
  color: #282a2b;
  padding-top: 0.5rem;
  padding-right: 0.75rem;
  padding-bottom: 0.5rem;
  padding-left: 0.75rem;
  border-radius: 4px;
  resize: vertical;
}

.emotion-0::-webkit-input-placeholder {
  color: #666a6d;
  font-style: italic;
}

.emotion-0::-moz-placeholder {
  color: #666a6d;
  font-style: italic;
}

.emotion-0:-ms-input-placeholder {
  color: #666a6d;
  font-style: italic;
}

.emotion-0::placeholder {
  color: #666a6d;
  font-style: italic;
}

.emotion-0:disabled {
  cursor: not-allowed;
  color: #666a6d;
}

<div
  className="emotion-3"
>
  <div
    className="emotion-2"
    cursor="text"
    display="flex"
    width="100%"
  >
    <textarea
      className="emotion-0 emotion-1"
      id="textarea"
      onChange={[Function]}
      rows={3}
      spellCheck={true}
    />
  </div>
</div>
`;
