// Jest Snapshot v1, https://goo.gl/fbAQLP

exports[`Listbox Primitive Render should render 1`] = `
<DocumentFragment>
  <div
    aria-label="Code"
    aria-multiselectable="false"
    aria-orientation="vertical"
    id="listbox-example"
    role="listbox"
  >
    <button
      aria-selected="false"
      data-testid="first-listbox-item"
      id="listbox-example-1"
      role="option"
      tabindex="0"
    >
      Item 1
    </button>
    <button
      aria-selected="false"
      data-testid="second-listbox-item"
      id="listbox-example-2"
      role="option"
      tabindex="-1"
    />
  </div>
</DocumentFragment>
`;
